
> fineval@0.1.0 predev
> npm run sync-images


> fineval@0.1.0 sync-images
> node scripts/sync-images.mjs

=== 开始同步题库图片 ===

[v1] Synced images for question-1 -> C:\Cole\嘉因数科\llmtest-main\public\vendor\v1\question-1\images
[v1] No images folder for question-13, skipping.
[v1] Synced images for question-14 -> C:\Cole\嘉因数科\llmtest-main\public\vendor\v1\question-14\images
[v1] Synced images for question-16 -> C:\Cole\嘉因数科\llmtest-main\public\vendor\v1\question-16\images
[v1] Synced images for question-17 -> C:\Cole\嘉因数科\llmtest-main\public\vendor\v1\question-17\images
[v1] No images folder for question-18, skipping.
[v1] Synced images for question-2 -> C:\Cole\嘉因数科\llmtest-main\public\vendor\v1\question-2\images
[v1] Synced images for question-20 -> C:\Cole\嘉因数科\llmtest-main\public\vendor\v1\question-20\images
[v1] No images folder for question-21, skipping.
[v1] Synced images for question-24 -> C:\Cole\嘉因数科\llmtest-main\public\vendor\v1\question-24\images
[v1] Synced images for question-25 -> C:\Cole\嘉因数科\llmtest-main\public\vendor\v1\question-25\images
[v1] Synced images for question-26 -> C:\Cole\嘉因数科\llmtest-main\public\vendor\v1\question-26\images
[v1] Synced images for question-27 -> C:\Cole\嘉因数科\llmtest-main\public\vendor\v1\question-27\images
[v1] No images folder for question-29, skipping.
[v1] Synced images for question-3 -> C:\Cole\嘉因数科\llmtest-main\public\vendor\v1\question-3\images
[v1] No images folder for question-31, skipping.
[v1] Synced images for question-34 -> C:\Cole\嘉因数科\llmtest-main\public\vendor\v1\question-34\images
[v1] No images folder for question-39, skipping.
[v1] No images folder for question-4, skipping.
[v1] No images folder for question-40, skipping.
[v1] Synced images for question-43 -> C:\Cole\嘉因数科\llmtest-main\public\vendor\v1\question-43\images
[v1] No images folder for question-46, skipping.
[v1] Synced images for question-48 -> C:\Cole\嘉因数科\llmtest-main\public\vendor\v1\question-48\images
[v1] Synced images for question-5 -> C:\Cole\嘉因数科\llmtest-main\public\vendor\v1\question-5\images
[v1] Synced images for question-50 -> C:\Cole\嘉因数科\llmtest-main\public\vendor\v1\question-50\images
[v1] Synced images for question-53 -> C:\Cole\嘉因数科\llmtest-main\public\vendor\v1\question-53\images
[v1] Synced images for question-55 -> C:\Cole\嘉因数科\llmtest-main\public\vendor\v1\question-55\images
[v1] No images folder for question-57, skipping.
[v1] Synced images for question-58 -> C:\Cole\嘉因数科\llmtest-main\public\vendor\v1\question-58\images
[v1] Synced images for question-59 -> C:\Cole\嘉因数科\llmtest-main\public\vendor\v1\question-59\images
[v1] Synced images for question-65 -> C:\Cole\嘉因数科\llmtest-main\public\vendor\v1\question-65\images
[v1] Synced images for question-66 -> C:\Cole\嘉因数科\llmtest-main\public\vendor\v1\question-66\images
[v1] No images folder for question-67, skipping.
[v1] Synced images for question-7 -> C:\Cole\嘉因数科\llmtest-main\public\vendor\v1\question-7\images
[v1] Synced images for question-70 -> C:\Cole\嘉因数科\llmtest-main\public\vendor\v1\question-70\images
[v1] Synced images for question-74 -> C:\Cole\嘉因数科\llmtest-main\public\vendor\v1\question-74\images
[v1] No images folder for question-75, skipping.
[v1] Synced images for question-76 -> C:\Cole\嘉因数科\llmtest-main\public\vendor\v1\question-76\images
[v1] Synced images for question-77 -> C:\Cole\嘉因数科\llmtest-main\public\vendor\v1\question-77\images
[v1] Synced images for question-78 -> C:\Cole\嘉因数科\llmtest-main\public\vendor\v1\question-78\images
[v1] No images folder for question-79, skipping.
[v1] No images folder for question-8, skipping.
[v1] No images folder for question-80, skipping.
[v1] Synced images for question-81 -> C:\Cole\嘉因数科\llmtest-main\public\vendor\v1\question-81\images
[v1] Synced images for question-82 -> C:\Cole\嘉因数科\llmtest-main\public\vendor\v1\question-82\images
[v1] No images folder for question-83, skipping.
[v1] No images folder for question-84, skipping.
[v1] Synced images for question-85 -> C:\Cole\嘉因数科\llmtest-main\public\vendor\v1\question-85\images
[v1] Synced images for question-86 -> C:\Cole\嘉因数科\llmtest-main\public\vendor\v1\question-86\images
[v1] No images folder for question-87, skipping.
[v1] Synced images for question-88 -> C:\Cole\嘉因数科\llmtest-main\public\vendor\v1\question-88\images
[v1] No images folder for question-89, skipping.
[v1] No images folder for question-90, skipping.
[v1] Synced images for question-91 -> C:\Cole\嘉因数科\llmtest-main\public\vendor\v1\question-91\images
[v1] No images folder for question-92, skipping.
[v1] Synced images for question-93 -> C:\Cole\嘉因数科\llmtest-main\public\vendor\v1\question-93\images
[v1] No images folder for question-94, skipping.
[v1] Synced images for question-95 -> C:\Cole\嘉因数科\llmtest-main\public\vendor\v1\question-95\images
[v1] Synced images for question-96 -> C:\Cole\嘉因数科\llmtest-main\public\vendor\v1\question-96\images

[v2] Synced images for q1 -> C:\Cole\嘉因数科\llmtest-main\public\vendor\v2\q1\images
[v2] Synced images for q10 -> C:\Cole\嘉因数科\llmtest-main\public\vendor\v2\q10\images
[v2] Synced images for q2 -> C:\Cole\嘉因数科\llmtest-main\public\vendor\v2\q2\images
[v2] Synced images for q3 -> C:\Cole\嘉因数科\llmtest-main\public\vendor\v2\q3\images
[v2] Synced images for q4 -> C:\Cole\嘉因数科\llmtest-main\public\vendor\v2\q4\images
[v2] Synced images for q5 -> C:\Cole\嘉因数科\llmtest-main\public\vendor\v2\q5\images
[v2] Synced images for q6 -> C:\Cole\嘉因数科\llmtest-main\public\vendor\v2\q6\images
[v2] Synced images for q7 -> C:\Cole\嘉因数科\llmtest-main\public\vendor\v2\q7\images
[v2] Synced images for q8 -> C:\Cole\嘉因数科\llmtest-main\public\vendor\v2\q8\images
[v2] Synced images for q9 -> C:\Cole\嘉因数科\llmtest-main\public\vendor\v2\q9\images

=== 同步完成 ===

> fineval@0.1.0 dev
> next dev -p 10005

▲ Next.js 16.2.6 (Turbopack)
- Local:         http://localhost:10005
- Network:       http://166.111.111.125:10005
- Environments: .env.local
✓ Ready in 593ms

 GET / 200 in 378ms (next.js: 204ms, application-code: 174ms)
 GET / 200 in 38ms (next.js: 5ms, application-code: 33ms)
 GET /select-version 200 in 110ms (next.js: 77ms, application-code: 34ms)
 GET /api/question-counts 200 in 159ms (next.js: 132ms, application-code: 27ms)
 GET /api/question-counts 200 in 191ms (next.js: 31ms, application-code: 160ms)
 GET /guidance?version=v2 200 in 155ms (next.js: 127ms, application-code: 28ms)
 GET /select-questions?version=v2 200 in 77ms (next.js: 49ms, application-code: 28ms)
 GET /evaluate?version=v2&bucket=0 200 in 691ms (next.js: 141ms, application-code: 550ms)
✓ Compiled in 400ms
 GET /evaluate?version=v2&bucket=0 200 in 1262ms (next.js: 207ms, application-code: 1055ms)
 GET /evaluate?version=v2&bucket=0 200 in 425ms (next.js: 8ms, application-code: 417ms)
 GET /evaluate?version=v2&bucket=0 200 in 1116ms (next.js: 10ms, application-code: 1107ms)
 GET /thank-you?name=test1 200 in 1538ms (next.js: 1503ms, application-code: 35ms)
 GET /my-stats?name=test1 200 in 2.6s (next.js: 2.5s, application-code: 32ms)
[browser] The width(-1) and height(-1) of chart should be greater than 0,
       please check the style of container, or the props width(100%) and height(100%),
       or add a minWidth(0) or minHeight(undefined) or use aspect(undefined) to control the
       height and width. (file://C:/Cole/嘉因数科/llmtest-main/.next/dev/static/chunks/node_modules_next_dist_115brz8._.js:2477:13)
[browser] The width(-1) and height(-1) of chart should be greater than 0,
       please check the style of container, or the props width(100%) and height(100%),
       or add a minWidth(0) or minHeight(undefined) or use aspect(undefined) to control the
       height and width. (file://C:/Cole/嘉因数科/llmtest-main/.next/dev/static/chunks/node_modules_next_dist_115brz8._.js:2477:13)
[browser] The width(-1) and height(-1) of chart should be greater than 0,
       please check the style of container, or the props width(100%) and height(100%),
       or add a minWidth(0) or minHeight(undefined) or use aspect(undefined) to control the
       height and width. (file://C:/Cole/嘉因数科/llmtest-main/.next/dev/static/chunks/node_modules_next_dist_115brz8._.js:2477:13)
[browser] The width(-1) and height(-1) of chart should be greater than 0,
       please check the style of container, or the props width(100%) and height(100%),
       or add a minWidth(0) or minHeight(undefined) or use aspect(undefined) to control the
       height and width. (file://C:/Cole/嘉因数科/llmtest-main/.next/dev/static/chunks/node_modules_next_dist_115brz8._.js:2477:13)
[browser] The width(-1) and height(-1) of chart should be greater than 0,
       please check the style of container, or the props width(100%) and height(100%),
       or add a minWidth(0) or minHeight(undefined) or use aspect(undefined) to control the
       height and width. (file://C:/Cole/嘉因数科/llmtest-main/.next/dev/static/chunks/node_modules_next_dist_115brz8._.js:2477:13)
[browser] The width(-1) and height(-1) of chart should be greater than 0,
       please check the style of container, or the props width(100%) and height(100%),
       or add a minWidth(0) or minHeight(undefined) or use aspect(undefined) to control the
       height and width. (file://C:/Cole/嘉因数科/llmtest-main/.next/dev/static/chunks/node_modules_next_dist_115brz8._.js:2477:13)
[browser] Received NaN for the `children` attribute. If this is expected, cast the value to a string. 
    at validateProperty (file://C:/Cole/嘉因数科/llmtest-main/.next/dev/static/chunks/node_modules_next_dist_compiled_react-dom_058-ah~._.js:2091:71)
    at warnUnknownProperties (file://C:/Cole/嘉因数科/llmtest-main/.next/dev/static/chunks/node_modules_next_dist_compiled_react-dom_058-ah~._.js:2203:26)
    at validatePropertiesInDevelopment (file://C:/Cole/嘉因数科/llmtest-main/.next/dev/static/chunks/node_modules_next_dist_compiled_react-dom_058-ah~._.js:10679:66)
    at updateProperties (file://C:/Cole/嘉因数科/llmtest-main/.next/dev/static/chunks/node_modules_next_dist_compiled_react-dom_058-ah~._.js:11147:9)
    at commitUpdate (file://C:/Cole/嘉因数科/llmtest-main/.next/dev/static/chunks/node_modules_next_dist_compiled_react-dom_058-ah~._.js:11894:9)
    at runWithFiberInDEV (file://C:/Cole/嘉因数科/llmtest-main/.next/dev/static/chunks/node_modules_next_dist_compiled_react-dom_058-ah~._.js:965:74)
    at commitHostUpdate (file://C:/Cole/嘉因数科/llmtest-main/.next/dev/static/chunks/node_modules_next_dist_compiled_react-dom_058-ah~._.js:7421:13)
    at commitMutationEffectsOnFiber (file://C:/Cole/嘉因数科/llmtest-main/.next/dev/static/chunks/node_modules_next_dist_compiled_react-dom_058-ah~._.js:8298:100)
    at recursivelyTraverseMutationEffects (file://C:/Cole/嘉因数科/llmtest-main/.next/dev/static/chunks/node_modules_next_dist_compiled_react-dom_058-ah~._.js:8205:106)
    at commitMutationEffectsOnFiber (file://C:/Cole/嘉因数科/llmtest-main/.next/dev/static/chunks/node_modules_next_dist_compiled_react-dom_058-ah~._.js:8286:17)
    at recursivelyTraverseMutationEffects (file://C:/Cole/嘉因数科/llmtest-main/.next/dev/static/chunks/node_modules_next_dist_compiled_react-dom_058-ah~._.js:8205:106)
    at commitMutationEffectsOnFiber (file://C:/Cole/嘉因数科/llmtest-main/.next/dev/static/chunks/node_modules_next_dist_compiled_react-dom_058-ah~._.js:8286:17)
    at recursivelyTraverseMutationEffects (file://C:/Cole/嘉因数科/llmtest-main/.next/dev/static/chunks/node_modules_next_dist_compiled_react-dom_058-ah~._.js:8205:106)
    at commitMutationEffectsOnFiber (file://C:/Cole/嘉因数科/llmtest-main/.next/dev/static/chunks/node_modules_next_dist_compiled_react-dom_058-ah~._.js:8286:17)
    at recursivelyTraverseMutationEffects (file://C:/Cole/嘉因数科/llmtest-main/.next/dev/static/chunks/node_modules_next_dist_compiled_react-dom_058-ah~._.js:8205:106)
    at commitMutationEffectsOnFiber (file://C:/Cole/嘉因数科/llmtest-main/.next/dev/static/chunks/node_modules_next_dist_compiled_react-dom_058-ah~._.js:8214:17)
    at recursivelyTraverseMutationEffects (file://C:/Cole/嘉因数科/llmtest-main/.next/dev/static/chunks/node_modules_next_dist_compiled_react-dom_058-ah~._.js:8205:106)
    at commitMutationEffectsOnFiber (file://C:/Cole/嘉因数科/llmtest-main/.next/dev/static/chunks/node_modules_next_dist_compiled_react-dom_058-ah~._.js:8286:17)
    at recursivelyTraverseMutationEffects (file://C:/Cole/嘉因数科/llmtest-main/.next/dev/static/chunks/node_modules_next_dist_compiled_react-dom_058-ah~._.js:8205:106)
    at commitMutationEffectsOnFiber (file://C:/Cole/嘉因数科/llmtest-main/.next/dev/static/chunks/node_modules_next_dist_compiled_react-dom_058-ah~._.js:8214:17)
    at recursivelyTraverseMutationEffects (file://C:/Cole/嘉因数科/llmtest-main/.next/dev/static/chunks/node_modules_next_dist_compiled_react-dom_058-ah~._.js:8205:106)
    at commitMutationEffectsOnFiber (file://C:/Cole/嘉因数科/llmtest-main/.next/dev/static/chunks/node_modules_next_dist_compiled_react-dom_058-ah~._.js:8340:17)
    at recursivelyTraverseMutationEffects (file://C:/Cole/嘉因数科/llmtest-main/.next/dev/static/chunks/node_modules_next_dist_compiled_react-dom_058-ah~._.js:8205:106)
    at commitMutationEffectsOnFiber (file://C:/Cole/嘉因数科/llmtest-main/.next/dev/static/chunks/node_modules_next_dist_compiled_react-dom_058-ah~._.js:8214:17)
    at recursivelyTraverseMutationEffects (file://C:/Cole/嘉因数科/llmtest-main/.next/dev/static/chunks/node_modules_next_dist_compiled_react-dom_058-ah~._.js:8205:106)
    at commitMutationEffectsOnFiber (file://C:/Cole/嘉因数科/llmtest-main/.next/dev/static/chunks/node_modules_next_dist_compiled_react-dom_058-ah~._.js:8403:17)
    at recursivelyTraverseMutationEffects (file://C:/Cole/嘉因数科/llmtest-main/.next/dev/static/chunks/node_modules_next_dist_compiled_react-dom_058-ah~._.js:8205:106)
    at commitMutationEffectsOnFiber (file://C:/Cole/嘉因数科/llmtest-main/.next/dev/static/chunks/node_modules_next_dist_compiled_react-dom_058-ah~._.js:8403:17)
    at recursivelyTraverseMutationEffects (file://C:/Cole/嘉因数科/llmtest-main/.next/dev/static/chunks/node_modules_next_dist_compiled_react-dom_058-ah~._.js:8205:106)
    at commitMutationEffectsOnFiber (file://C:/Cole/嘉因数科/llmtest-main/.next/dev/static/chunks/node_modules_next_dist_compiled_react-dom_058-ah~._.js:8214:17)
    at recursivelyTraverseMutationEffects (file://C:/Cole/嘉因数科/llmtest-main/.next/dev/static/chunks/node_modules_next_dist_compiled_react-dom_058-ah~._.js:8205:106)
    at commitMutationEffectsOnFiber (file://C:/Cole/嘉因数科/llmtest-main/.next/dev/static/chunks/node_modules_next_dist_compiled_react-dom_058-ah~._.js:8214:17)
    at recursivelyTraverseMutationEffects (file://C:/Cole/嘉因数科/llmtest-main/.next/dev/static/chunks/node_modules_next_dist_compiled_react-dom_058-ah~._.js:8205:106)
    at commitMutationEffectsOnFiber (file://C:/Cole/嘉因数科/llmtest-main/.next/dev/static/chunks/node_modules_next_dist_compiled_react-dom_058-ah~._.js:8286:17)
    at recursivelyTraverseMutationEffects (file://C:/Cole/嘉因数科/llmtest-main/.next/dev/static/chunks/node_modules_next_dist_compiled_react-dom_058-ah~._.js:8205:106)
    at commitMutationEffectsOnFiber (file://C:/Cole/嘉因数科/llmtest-main/.next/dev/static/chunks/node_modules_next_dist_compiled_react-dom_058-ah~._.js:8214:17)
    at recursivelyTraverseMutationEffects (file://C:/Cole/嘉因数科/llmtest-main/.next/dev/static/chunks/node_modules_next_dist_compiled_react-dom_058-ah~._.js:8205:106)
    at commitMutationEffectsOnFiber (file://C:/Cole/嘉因数科/llmtest-main/.next/dev/static/chunks/node_modules_next_dist_compiled_react-dom_058-ah~._.js:8214:17)
    at recursivelyTraverseMutationEffects (file://C:/Cole/嘉因数科/llmtest-main/.next/dev/static/chunks/node_modules_next_dist_compiled_react-dom_058-ah~._.js:8205:106)
    at commitMutationEffectsOnFiber (file://C:/Cole/嘉因数科/llmtest-main/.next/dev/static/chunks/node_modules_next_dist_compiled_react-dom_058-ah~._.js:8214:17)
    at recursivelyTraverseMutationEffects (file://C:/Cole/嘉因数科/llmtest-main/.next/dev/static/chunks/node_modules_next_dist_compiled_react-dom_058-ah~._.js:8205:106)
    at commitMutationEffectsOnFiber (file://C:/Cole/嘉因数科/llmtest-main/.next/dev/static/chunks/node_modules_next_dist_compiled_react-dom_058-ah~._.js:8286:17)
    at recursivelyTraverseMutationEffects (file://C:/Cole/嘉因数科/llmtest-main/.next/dev/static/chunks/node_modules_next_dist_compiled_react-dom_058-ah~._.js:8205:106)
    at commitMutationEffectsOnFiber (file://C:/Cole/嘉因数科/llmtest-main/.next/dev/static/chunks/node_modules_next_dist_compiled_react-dom_058-ah~._.js:8214:17)
    at recursivelyTraverseMutationEffects (file://C:/Cole/嘉因数科/llmtest-main/.next/dev/static/chunks/node_modules_next_dist_compiled_react-dom_058-ah~._.js:8205:106)
    at commitMutationEffectsOnFiber (file://C:/Cole/嘉因数科/llmtest-main/.next/dev/static/chunks/node_modules_next_dist_compiled_react-dom_058-ah~._.js:8214:17)
    at recursivelyTraverseMutationEffects (file://C:/Cole/嘉因数科/llmtest-main/.next/dev/static/chunks/node_modules_next_dist_compiled_react-dom_058-ah~._.js:8205:106)
    at commitMutationEffectsOnFiber (file://C:/Cole/嘉因数科/llmtest-main/.next/dev/static/chunks/node_modules_next_dist_compiled_react-dom_058-ah~._.js:8403:17) (file://C:/Cole/嘉因数科/llmtest-main/.next/dev/static/chunks/node_modules_next_dist_compiled_react-dom_058-ah~._.js:2091:71)
 GET / 200 in 2.8s (next.js: 2.8s, application-code: 57ms)
 GET / 200 in 21ms (next.js: 4ms, application-code: 16ms)
 GET /select-version 200 in 53ms (next.js: 27ms, application-code: 26ms)
 GET /api/question-counts 200 in 93ms (next.js: 65ms, application-code: 28ms)
 GET /api/question-counts 200 in 14ms (next.js: 3ms, application-code: 11ms)
 GET /guidance?version=v2 200 in 53ms (next.js: 26ms, application-code: 26ms)
 GET /select-questions?version=v2 200 in 153ms (next.js: 114ms, application-code: 39ms)
 GET /evaluate?version=v2&bucket=0 200 in 606ms (next.js: 57ms, application-code: 550ms)
 GET /thank-you?name=test1 200 in 37ms (next.js: 9ms, application-code: 28ms)
 GET /my-stats?name=test1 200 in 36ms (next.js: 4ms, application-code: 32ms)
[browser] The width(-1) and height(-1) of chart should be greater than 0,
       please check the style of container, or the props width(100%) and height(100%),
       or add a minWidth(0) or minHeight(undefined) or use aspect(undefined) to control the
       height and width. (file://C:/Cole/嘉因数科/llmtest-main/.next/dev/static/chunks/node_modules_next_dist_115brz8._.js:2477:13)
[browser] The width(-1) and height(-1) of chart should be greater than 0,
       please check the style of container, or the props width(100%) and height(100%),
       or add a minWidth(0) or minHeight(undefined) or use aspect(undefined) to control the
       height and width. (file://C:/Cole/嘉因数科/llmtest-main/.next/dev/static/chunks/node_modules_next_dist_115brz8._.js:2477:13)
[browser] The width(-1) and height(-1) of chart should be greater than 0,
       please check the style of container, or the props width(100%) and height(100%),
       or add a minWidth(0) or minHeight(undefined) or use aspect(undefined) to control the
       height and width. (file://C:/Cole/嘉因数科/llmtest-main/.next/dev/static/chunks/node_modules_next_dist_115brz8._.js:2477:13)
[browser] The width(-1) and height(-1) of chart should be greater than 0,
       please check the style of container, or the props width(100%) and height(100%),
       or add a minWidth(0) or minHeight(undefined) or use aspect(undefined) to control the
       height and width. (file://C:/Cole/嘉因数科/llmtest-main/.next/dev/static/chunks/node_modules_next_dist_115brz8._.js:2477:13)
[browser] The width(-1) and height(-1) of chart should be greater than 0,
       please check the style of container, or the props width(100%) and height(100%),
       or add a minWidth(0) or minHeight(undefined) or use aspect(undefined) to control the
       height and width. (file://C:/Cole/嘉因数科/llmtest-main/.next/dev/static/chunks/node_modules_next_dist_115brz8._.js:2477:13)
[browser] The width(-1) and height(-1) of chart should be greater than 0,
       please check the style of container, or the props width(100%) and height(100%),
       or add a minWidth(0) or minHeight(undefined) or use aspect(undefined) to control the
       height and width. (file://C:/Cole/嘉因数科/llmtest-main/.next/dev/static/chunks/node_modules_next_dist_115brz8._.js:2477:13)
 GET / 200 in 77ms (next.js: 35ms, application-code: 41ms)
 GET /select-version 200 in 36ms (next.js: 7ms, application-code: 30ms)
 GET /api/question-counts 200 in 16ms (next.js: 6ms, application-code: 10ms)
 GET /api/question-counts 200 in 11ms (next.js: 3ms, application-code: 9ms)
 GET /guidance?version=v2 200 in 112ms (next.js: 75ms, application-code: 38ms)
 GET /select-questions?version=v2 200 in 33ms (next.js: 6ms, application-code: 27ms)
 GET /evaluate?version=v2&bucket=0 200 in 732ms (next.js: 15ms, application-code: 717ms)
 GET / 200 in 1051ms (next.js: 494ms, application-code: 557ms)
 GET /select-version 200 in 77ms (next.js: 37ms, application-code: 39ms)
 GET /api/question-counts 200 in 70ms (next.js: 56ms, application-code: 15ms)
 GET /api/question-counts 200 in 11ms (next.js: 3ms, application-code: 8ms)
 GET /guidance?version=v2 200 in 47ms (next.js: 23ms, application-code: 24ms)
 GET /select-questions?version=v2 200 in 54ms (next.js: 29ms, application-code: 25ms)
 GET /evaluate?version=v2&bucket=0 200 in 754ms (next.js: 120ms, application-code: 634ms)
 GET /thank-you?name=test1 200 in 186ms (next.js: 151ms, application-code: 36ms)
 GET /my-stats?name=test1 200 in 129ms (next.js: 89ms, application-code: 40ms)
[browser] The width(-1) and height(-1) of chart should be greater than 0,
       please check the style of container, or the props width(100%) and height(100%),
       or add a minWidth(0) or minHeight(undefined) or use aspect(undefined) to control the
       height and width. (file://C:/Cole/嘉因数科/llmtest-main/.next/dev/static/chunks/node_modules_next_dist_115brz8._.js:2477:13)
[browser] The width(-1) and height(-1) of chart should be greater than 0,
       please check the style of container, or the props width(100%) and height(100%),
       or add a minWidth(0) or minHeight(undefined) or use aspect(undefined) to control the
       height and width. (file://C:/Cole/嘉因数科/llmtest-main/.next/dev/static/chunks/node_modules_next_dist_115brz8._.js:2477:13)
[browser] The width(-1) and height(-1) of chart should be greater than 0,
       please check the style of container, or the props width(100%) and height(100%),
       or add a minWidth(0) or minHeight(undefined) or use aspect(undefined) to control the
       height and width. (file://C:/Cole/嘉因数科/llmtest-main/.next/dev/static/chunks/node_modules_next_dist_115brz8._.js:2477:13)
[browser] The width(-1) and height(-1) of chart should be greater than 0,
       please check the style of container, or the props width(100%) and height(100%),
       or add a minWidth(0) or minHeight(undefined) or use aspect(undefined) to control the
       height and width. (file://C:/Cole/嘉因数科/llmtest-main/.next/dev/static/chunks/node_modules_next_dist_115brz8._.js:2477:13)
[browser] The width(-1) and height(-1) of chart should be greater than 0,
       please check the style of container, or the props width(100%) and height(100%),
       or add a minWidth(0) or minHeight(undefined) or use aspect(undefined) to control the
       height and width. (file://C:/Cole/嘉因数科/llmtest-main/.next/dev/static/chunks/node_modules_next_dist_115brz8._.js:2477:13)
[browser] The width(-1) and height(-1) of chart should be greater than 0,
       please check the style of container, or the props width(100%) and height(100%),
       or add a minWidth(0) or minHeight(undefined) or use aspect(undefined) to control the
       height and width. (file://C:/Cole/嘉因数科/llmtest-main/.next/dev/static/chunks/node_modules_next_dist_115brz8._.js:2477:13)
✓ Compiled in 778ms
 GET /my-stats?name=test1 200 in 401ms (next.js: 244ms, application-code: 158ms)
 GET /my-stats?name=test1 200 in 364ms (next.js: 19ms, application-code: 345ms)
[browser] The width(-1) and height(-1) of chart should be greater than 0,
       please check the style of container, or the props width(100%) and height(100%),
       or add a minWidth(0) or minHeight(undefined) or use aspect(undefined) to control the
       height and width. (file://C:/Cole/嘉因数科/llmtest-main/.next/dev/static/chunks/node_modules_next_dist_115brz8._.js:2477:13)
[browser] The width(-1) and height(-1) of chart should be greater than 0,
       please check the style of container, or the props width(100%) and height(100%),
       or add a minWidth(0) or minHeight(undefined) or use aspect(undefined) to control the
       height and width. (file://C:/Cole/嘉因数科/llmtest-main/.next/dev/static/chunks/node_modules_next_dist_115brz8._.js:2477:13)
[browser] The width(-1) and height(-1) of chart should be greater than 0,
       please check the style of container, or the props width(100%) and height(100%),
       or add a minWidth(0) or minHeight(undefined) or use aspect(undefined) to control the
       height and width. (file://C:/Cole/嘉因数科/llmtest-main/.next/dev/static/chunks/node_modules_next_dist_115brz8._.js:2477:13)
[browser] The width(-1) and height(-1) of chart should be greater than 0,
       please check the style of container, or the props width(100%) and height(100%),
       or add a minWidth(0) or minHeight(undefined) or use aspect(undefined) to control the
       height and width. (file://C:/Cole/嘉因数科/llmtest-main/.next/dev/static/chunks/node_modules_next_dist_115brz8._.js:2477:13)
[browser] The width(-1) and height(-1) of chart should be greater than 0,
       please check the style of container, or the props width(100%) and height(100%),
       or add a minWidth(0) or minHeight(undefined) or use aspect(undefined) to control the
       height and width. (file://C:/Cole/嘉因数科/llmtest-main/.next/dev/static/chunks/node_modules_next_dist_115brz8._.js:2477:13)
[browser] The width(-1) and height(-1) of chart should be greater than 0,
       please check the style of container, or the props width(100%) and height(100%),
       or add a minWidth(0) or minHeight(undefined) or use aspect(undefined) to control the
       height and width. (file://C:/Cole/嘉因数科/llmtest-main/.next/dev/static/chunks/node_modules_next_dist_115brz8._.js:2477:13)
 GET / 200 in 211ms (next.js: 176ms, application-code: 35ms)
 GET /select-version 200 in 81ms (next.js: 46ms, application-code: 35ms)
 GET /api/question-counts 200 in 83ms (next.js: 51ms, application-code: 33ms)
 GET /api/question-counts 200 in 12ms (next.js: 3ms, application-code: 9ms)
 GET /guidance?version=v2 200 in 51ms (next.js: 21ms, application-code: 30ms)
 GET /select-questions?version=v2 200 in 115ms (next.js: 81ms, application-code: 34ms)
 GET /evaluate?version=v2&bucket=0 200 in 658ms (next.js: 126ms, application-code: 532ms)
 GET /thank-you?name=test1 200 in 66ms (next.js: 34ms, application-code: 32ms)
 GET /my-stats?name=test1 200 in 34ms (next.js: 5ms, application-code: 29ms)
[browser] The width(-1) and height(-1) of chart should be greater than 0,
       please check the style of container, or the props width(100%) and height(100%),
       or add a minWidth(0) or minHeight(undefined) or use aspect(undefined) to control the
       height and width. (file://C:/Cole/嘉因数科/llmtest-main/.next/dev/static/chunks/node_modules_next_dist_115brz8._.js:2477:13)
[browser] The width(-1) and height(-1) of chart should be greater than 0,
       please check the style of container, or the props width(100%) and height(100%),
       or add a minWidth(0) or minHeight(undefined) or use aspect(undefined) to control the
       height and width. (file://C:/Cole/嘉因数科/llmtest-main/.next/dev/static/chunks/node_modules_next_dist_115brz8._.js:2477:13)
[browser] The width(-1) and height(-1) of chart should be greater than 0,
       please check the style of container, or the props width(100%) and height(100%),
       or add a minWidth(0) or minHeight(undefined) or use aspect(undefined) to control the
       height and width. (file://C:/Cole/嘉因数科/llmtest-main/.next/dev/static/chunks/node_modules_next_dist_115brz8._.js:2477:13)
[browser] The width(-1) and height(-1) of chart should be greater than 0,
       please check the style of container, or the props width(100%) and height(100%),
       or add a minWidth(0) or minHeight(undefined) or use aspect(undefined) to control the
       height and width. (file://C:/Cole/嘉因数科/llmtest-main/.next/dev/static/chunks/node_modules_next_dist_115brz8._.js:2477:13)
[browser] The width(-1) and height(-1) of chart should be greater than 0,
       please check the style of container, or the props width(100%) and height(100%),
       or add a minWidth(0) or minHeight(undefined) or use aspect(undefined) to control the
       height and width. (file://C:/Cole/嘉因数科/llmtest-main/.next/dev/static/chunks/node_modules_next_dist_115brz8._.js:2477:13)
[browser] The width(-1) and height(-1) of chart should be greater than 0,
       please check the style of container, or the props width(100%) and height(100%),
       or add a minWidth(0) or minHeight(undefined) or use aspect(undefined) to control the
       height and width. (file://C:/Cole/嘉因数科/llmtest-main/.next/dev/static/chunks/node_modules_next_dist_115brz8._.js:2477:13)
 GET / 200 in 24ms (next.js: 5ms, application-code: 19ms)
✓ Compiled in 88ms
 GET / 200 in 173ms (next.js: 88ms, application-code: 85ms)
 GET / 200 in 43ms (next.js: 4ms, application-code: 39ms)
✓ Compiled in 67ms
 GET / 200 in 107ms (next.js: 56ms, application-code: 51ms)
 GET / 200 in 22ms (next.js: 4ms, application-code: 17ms)
✓ Compiled in 124ms
 GET / 200 in 91ms (next.js: 58ms, application-code: 33ms)
✓ Compiled in 526ms
 GET / 200 in 148ms (next.js: 62ms, application-code: 86ms)
 GET / 200 in 54ms (next.js: 5ms, application-code: 50ms)
✓ Compiled in 69ms
 GET / 200 in 90ms (next.js: 53ms, application-code: 38ms)
✓ Compiled in 91ms
 GET / 200 in 99ms (next.js: 62ms, application-code: 38ms)
✓ Compiled in 76ms
 GET / 200 in 88ms (next.js: 59ms, application-code: 30ms)
✓ Compiled in 129ms
 GET / 200 in 108ms (next.js: 62ms, application-code: 47ms)
 GET / 200 in 24ms (next.js: 4ms, application-code: 21ms)
✓ Compiled in 334ms
 GET / 200 in 429ms (next.js: 296ms, application-code: 132ms)
✓ Compiled in 138ms
 GET / 200 in 131ms (next.js: 69ms, application-code: 62ms)
 GET /select-version 200 in 37ms (next.js: 21ms, application-code: 16ms)
 GET /api/question-counts 200 in 64ms (next.js: 47ms, application-code: 18ms)
 GET /api/question-counts 200 in 7ms (next.js: 1653µs, application-code: 6ms)
 GET /guidance?version=v2 200 in 48ms (next.js: 26ms, application-code: 21ms)
 GET /select-questions?version=v2 200 in 40ms (next.js: 19ms, application-code: 22ms)
 GET /evaluate?version=v2&bucket=0 200 in 469ms (next.js: 140ms, application-code: 328ms)
 GET /thank-you?name=test1 200 in 37ms (next.js: 21ms, application-code: 16ms)
 GET /my-stats?name=test1 200 in 96ms (next.js: 67ms, application-code: 29ms)
[browser] The width(-1) and height(-1) of chart should be greater than 0,
       please check the style of container, or the props width(100%) and height(100%),
       or add a minWidth(0) or minHeight(undefined) or use aspect(undefined) to control the
       height and width. (file://C:/Cole/嘉因数科/llmtest-main/.next/dev/static/chunks/node_modules_next_dist_115brz8._.js:2477:13)
[browser] The width(-1) and height(-1) of chart should be greater than 0,
       please check the style of container, or the props width(100%) and height(100%),
       or add a minWidth(0) or minHeight(undefined) or use aspect(undefined) to control the
       height and width. (file://C:/Cole/嘉因数科/llmtest-main/.next/dev/static/chunks/node_modules_next_dist_115brz8._.js:2477:13)
[browser] The width(-1) and height(-1) of chart should be greater than 0,
       please check the style of container, or the props width(100%) and height(100%),
       or add a minWidth(0) or minHeight(undefined) or use aspect(undefined) to control the
       height and width. (file://C:/Cole/嘉因数科/llmtest-main/.next/dev/static/chunks/node_modules_next_dist_115brz8._.js:2477:13)
[browser] The width(-1) and height(-1) of chart should be greater than 0,
       please check the style of container, or the props width(100%) and height(100%),
       or add a minWidth(0) or minHeight(undefined) or use aspect(undefined) to control the
       height and width. (file://C:/Cole/嘉因数科/llmtest-main/.next/dev/static/chunks/node_modules_next_dist_115brz8._.js:2477:13)
[browser] The width(-1) and height(-1) of chart should be greater than 0,
       please check the style of container, or the props width(100%) and height(100%),
       or add a minWidth(0) or minHeight(undefined) or use aspect(undefined) to control the
       height and width. (file://C:/Cole/嘉因数科/llmtest-main/.next/dev/static/chunks/node_modules_next_dist_115brz8._.js:2477:13)
[browser] The width(-1) and height(-1) of chart should be greater than 0,
       please check the style of container, or the props width(100%) and height(100%),
       or add a minWidth(0) or minHeight(undefined) or use aspect(undefined) to control the
       height and width. (file://C:/Cole/嘉因数科/llmtest-main/.next/dev/static/chunks/node_modules_next_dist_115brz8._.js:2477:13)
 GET / 200 in 147ms (next.js: 4ms, application-code: 143ms)
 GET /select-version 200 in 19ms (next.js: 2ms, application-code: 16ms)
 GET /api/question-counts 200 in 12ms (next.js: 4ms, application-code: 8ms)
 GET /api/question-counts 200 in 9ms (next.js: 3ms, application-code: 7ms)
 GET /guidance?version=v2 200 in 14ms (next.js: 2ms, application-code: 11ms)
 GET /select-questions?version=v2 200 in 14ms (next.js: 2ms, application-code: 12ms)
 GET /evaluate?version=v2&bucket=0 200 in 277ms (next.js: 2ms, application-code: 275ms)
 GET /thank-you?name=%E5%BC%A0%E8%89%BA%E4%BC%9F 200 in 17ms (next.js: 3ms, application-code: 14ms)
 GET /my-stats?name=%E5%BC%A0%E8%89%BA%E4%BC%9F 200 in 22ms (next.js: 2ms, application-code: 20ms)
[browser] The width(-1) and height(-1) of chart should be greater than 0,
       please check the style of container, or the props width(100%) and height(100%),
       or add a minWidth(0) or minHeight(undefined) or use aspect(undefined) to control the
       height and width. (file://C:/Cole/嘉因数科/llmtest-main/.next/dev/static/chunks/node_modules_next_dist_115brz8._.js:2477:13)
[browser] The width(-1) and height(-1) of chart should be greater than 0,
       please check the style of container, or the props width(100%) and height(100%),
       or add a minWidth(0) or minHeight(undefined) or use aspect(undefined) to control the
       height and width. (file://C:/Cole/嘉因数科/llmtest-main/.next/dev/static/chunks/node_modules_next_dist_115brz8._.js:2477:13)
[browser] The width(-1) and height(-1) of chart should be greater than 0,
       please check the style of container, or the props width(100%) and height(100%),
       or add a minWidth(0) or minHeight(undefined) or use aspect(undefined) to control the
       height and width. (file://C:/Cole/嘉因数科/llmtest-main/.next/dev/static/chunks/node_modules_next_dist_115brz8._.js:2477:13)
[browser] The width(-1) and height(-1) of chart should be greater than 0,
       please check the style of container, or the props width(100%) and height(100%),
       or add a minWidth(0) or minHeight(undefined) or use aspect(undefined) to control the
       height and width. (file://C:/Cole/嘉因数科/llmtest-main/.next/dev/static/chunks/node_modules_next_dist_115brz8._.js:2477:13)
[browser] The width(-1) and height(-1) of chart should be greater than 0,
       please check the style of container, or the props width(100%) and height(100%),
       or add a minWidth(0) or minHeight(undefined) or use aspect(undefined) to control the
       height and width. (file://C:/Cole/嘉因数科/llmtest-main/.next/dev/static/chunks/node_modules_next_dist_115brz8._.js:2477:13)
[browser] The width(-1) and height(-1) of chart should be greater than 0,
       please check the style of container, or the props width(100%) and height(100%),
       or add a minWidth(0) or minHeight(undefined) or use aspect(undefined) to control the
       height and width. (file://C:/Cole/嘉因数科/llmtest-main/.next/dev/static/chunks/node_modules_next_dist_115brz8._.js:2477:13)
 GET /my-stats?name=%E5%BC%A0%E8%89%BA%E4%BC%9F 200 in 1340ms (next.js: 274ms, application-code: 1066ms)
[browser] The width(-1) and height(-1) of chart should be greater than 0,
       please check the style of container, or the props width(100%) and height(100%),
       or add a minWidth(0) or minHeight(undefined) or use aspect(undefined) to control the
       height and width. (file://C:/Cole/嘉因数科/llmtest-main/.next/dev/static/chunks/node_modules_next_dist_115brz8._.js:2477:13)
[browser] The width(-1) and height(-1) of chart should be greater than 0,
       please check the style of container, or the props width(100%) and height(100%),
       or add a minWidth(0) or minHeight(undefined) or use aspect(undefined) to control the
       height and width. (file://C:/Cole/嘉因数科/llmtest-main/.next/dev/static/chunks/node_modules_next_dist_115brz8._.js:2477:13)
[browser] The width(-1) and height(-1) of chart should be greater than 0,
       please check the style of container, or the props width(100%) and height(100%),
       or add a minWidth(0) or minHeight(undefined) or use aspect(undefined) to control the
       height and width. (file://C:/Cole/嘉因数科/llmtest-main/.next/dev/static/chunks/node_modules_next_dist_115brz8._.js:2477:13)
[browser] The width(-1) and height(-1) of chart should be greater than 0,
       please check the style of container, or the props width(100%) and height(100%),
       or add a minWidth(0) or minHeight(undefined) or use aspect(undefined) to control the
       height and width. (file://C:/Cole/嘉因数科/llmtest-main/.next/dev/static/chunks/node_modules_next_dist_115brz8._.js:2477:13)
[browser] The width(-1) and height(-1) of chart should be greater than 0,
       please check the style of container, or the props width(100%) and height(100%),
       or add a minWidth(0) or minHeight(undefined) or use aspect(undefined) to control the
       height and width. (file://C:/Cole/嘉因数科/llmtest-main/.next/dev/static/chunks/node_modules_next_dist_115brz8._.js:2477:13)
[browser] The width(-1) and height(-1) of chart should be greater than 0,
       please check the style of container, or the props width(100%) and height(100%),
       or add a minWidth(0) or minHeight(undefined) or use aspect(undefined) to control the
       height and width. (file://C:/Cole/嘉因数科/llmtest-main/.next/dev/static/chunks/node_modules_next_dist_115brz8._.js:2477:13)
 GET / 200 in 83ms (next.js: 22ms, application-code: 61ms)
 GET /select-version 200 in 166ms (next.js: 85ms, application-code: 82ms)
 GET /api/question-counts 200 in 29ms (next.js: 10ms, application-code: 19ms)
 GET /api/question-counts 200 in 20ms (next.js: 5ms, application-code: 15ms)
 GET /guidance?version=v2 200 in 31ms (next.js: 15ms, application-code: 17ms)
 GET /select-questions?version=v2 200 in 35ms (next.js: 16ms, application-code: 19ms)
 GET /evaluate?version=v2&bucket=0 200 in 1138ms (next.js: 17ms, application-code: 1121ms)
